D:\Java Reports\automation\Python report automation\script3.py:1: DeprecationWarning:
Pyarrow will become a required dependency of pandas in the next major release of pandas (pandas 3.0),
(to allow more performant data types, such as the Arrow string type, and better interoperability with other libraries)
but was not found to be installed on your system.
If this would cause problems for you,
please provide us feedback at https://github.com/pandas-dev/pandas/issues/54466

  import pandas as pd
Traceback (most recent call last):
  File "D:\Java Reports\automation\Python report automation\script3.py", line 98, in <module>
    schedule.run_pending()
  File "C:\Users\hkaluuma\Anaconda3\envs\pact_reports\lib\site-packages\schedule\__init__.py", line 822, in run_pending
    default_scheduler.run_pending()
  File "C:\Users\hkaluuma\Anaconda3\envs\pact_reports\lib\site-packages\schedule\__init__.py", line 100, in run_pending
    self._run_job(job)
  File "C:\Users\hkaluuma\Anaconda3\envs\pact_reports\lib\site-packages\schedule\__init__.py", line 172, in _run_job
    ret = job.run()
  File "C:\Users\hkaluuma\Anaconda3\envs\pact_reports\lib\site-packages\schedule\__init__.py", line 693, in run
    ret = self.job_func()
  File "D:\Java Reports\automation\Python report automation\script3.py", line 57, in run_queries_and_send_email
    send_email()
  File "D:\Java Reports\automation\Python report automation\script3.py", line 90, in send_email
    smtp_server.login(sender_email, 'Anthony2')
  File "C:\Users\hkaluuma\Anaconda3\envs\pact_reports\lib\smtplib.py", line 750, in login
    raise last_exception
  File "C:\Users\hkaluuma\Anaconda3\envs\pact_reports\lib\smtplib.py", line 739, in login
    (code, resp) = self.auth(
  File "C:\Users\hkaluuma\Anaconda3\envs\pact_reports\lib\smtplib.py", line 662, in auth
    raise SMTPAuthenticationError(code, resp)
smtplib.SMTPAuthenticationError: (535, b'5.7.8 Username and Password not accepted. For more information, go to\n5.7.8  https://support.google.com/mail/?p=BadCredentials bn8-20020a056000060800b0033b198efbedsm7202434wrb.15 - gsmtp')
(pact_reports) PS D:\Java Reports\automation\Python report automation>
